#! /usr/bin/vvp
:ivl_version "10.1 (stable)";
:ivl_delay_selection "TYPICAL";
:vpi_time_precision + 0;
:vpi_module "system";
:vpi_module "vhdl_sys";
:vpi_module "v2005_math";
:vpi_module "va_math";
S_0x55c4e8c47f20 .scope module, "testbench" "testbench" 2 1;
 .timescale 0 0;
v0x55c4e8c68470_0 .var/i "i", 31 0;
v0x55c4e8c68550_0 .var "x", 2 0;
v0x55c4e8c68610_0 .net "y", 7 0, v0x55c4e8c68330_0;  1 drivers
S_0x55c4e8c480a0 .scope module, "DUT" "decoder" 2 4, 3 1 0, S_0x55c4e8c47f20;
 .timescale 0 0;
    .port_info 0 /INPUT 3 "x"
    .port_info 1 /OUTPUT 8 "y"
v0x55c4e8c48290_0 .net "x", 2 0, v0x55c4e8c68550_0;  1 drivers
v0x55c4e8c68330_0 .var "y", 7 0;
E_0x55c4e8c43a10 .event edge, v0x55c4e8c48290_0;
    .scope S_0x55c4e8c480a0;
T_0 ;
    %wait E_0x55c4e8c43a10;
    %load/vec4 v0x55c4e8c48290_0;
    %dup/vec4;
    %pushi/vec4 0, 0, 3;
    %cmp/u;
    %jmp/1 T_0.0, 6;
    %dup/vec4;
    %pushi/vec4 1, 0, 3;
    %cmp/u;
    %jmp/1 T_0.1, 6;
    %dup/vec4;
    %pushi/vec4 2, 0, 3;
    %cmp/u;
    %jmp/1 T_0.2, 6;
    %dup/vec4;
    %pushi/vec4 3, 0, 3;
    %cmp/u;
    %jmp/1 T_0.3, 6;
    %dup/vec4;
    %pushi/vec4 4, 0, 3;
    %cmp/u;
    %jmp/1 T_0.4, 6;
    %dup/vec4;
    %pushi/vec4 5, 0, 3;
    %cmp/u;
    %jmp/1 T_0.5, 6;
    %dup/vec4;
    %pushi/vec4 6, 0, 3;
    %cmp/u;
    %jmp/1 T_0.6, 6;
    %dup/vec4;
    %pushi/vec4 7, 0, 3;
    %cmp/u;
    %jmp/1 T_0.7, 6;
    %jmp T_0.8;
T_0.0 ;
    %pushi/vec4 1, 0, 8;
    %store/vec4 v0x55c4e8c68330_0, 0, 8;
    %jmp T_0.8;
T_0.1 ;
    %pushi/vec4 2, 0, 8;
    %store/vec4 v0x55c4e8c68330_0, 0, 8;
    %jmp T_0.8;
T_0.2 ;
    %pushi/vec4 4, 0, 8;
    %store/vec4 v0x55c4e8c68330_0, 0, 8;
    %jmp T_0.8;
T_0.3 ;
    %pushi/vec4 8, 0, 8;
    %store/vec4 v0x55c4e8c68330_0, 0, 8;
    %jmp T_0.8;
T_0.4 ;
    %pushi/vec4 16, 0, 8;
    %store/vec4 v0x55c4e8c68330_0, 0, 8;
    %jmp T_0.8;
T_0.5 ;
    %pushi/vec4 32, 0, 8;
    %store/vec4 v0x55c4e8c68330_0, 0, 8;
    %jmp T_0.8;
T_0.6 ;
    %pushi/vec4 64, 0, 8;
    %store/vec4 v0x55c4e8c68330_0, 0, 8;
    %jmp T_0.8;
T_0.7 ;
    %pushi/vec4 128, 0, 8;
    %store/vec4 v0x55c4e8c68330_0, 0, 8;
    %jmp T_0.8;
T_0.8 ;
    %pop/vec4 1;
    %jmp T_0;
    .thread T_0, $push;
    .scope S_0x55c4e8c47f20;
T_1 ;
    %vpi_call 2 8 "$dumpfile", "out.vcd" {0 0 0};
    %vpi_call 2 17 "$dumpvars", 32'sb00000000000000000000000000000000, v0x55c4e8c68550_0, v0x55c4e8c68610_0 {0 0 0};
    %end;
    .thread T_1;
    .scope S_0x55c4e8c47f20;
T_2 ;
    %pushi/vec4 0, 0, 32;
    %store/vec4 v0x55c4e8c68470_0, 0, 32;
T_2.0 ;
    %load/vec4 v0x55c4e8c68470_0;
    %cmpi/s 8, 0, 32;
    %jmp/0xz T_2.1, 5;
    %delay 1, 0;
    %load/vec4 v0x55c4e8c68470_0;
    %pad/s 3;
    %store/vec4 v0x55c4e8c68550_0, 0, 3;
    %load/vec4 v0x55c4e8c68470_0;
    %addi 1, 0, 32;
    %store/vec4 v0x55c4e8c68470_0, 0, 32;
    %jmp T_2.0;
T_2.1 ;
    %end;
    .thread T_2;
# The file index is used to find the file name in the following table.
:file_names 4;
    "N/A";
    "<interactive>";
    "testbench.v";
    "decoder.v";
